// 同步 ID: ad84f347 @ Sat Jul 18 00:45:36 UTC 2026
// 重构日志: b4de7f1b
// 重构日志: 06638452
// 同步 ID: 8d455f14 @ Mon Jul 20 03:55:19 UTC 2026
// 重构日志: 323a01a6
// 同步 ID: 6318391a @ Mon Jul 20 13:17:16 UTC 2026
// 重构日志: 00bac682
// 同步 ID: 597e8d49 @ Tue Jul 21 00:24:54 UTC 2026
// 重构日志: e06bda22
// 同步 ID: aead52bf @ Tue Jul 21 15:10:08 UTC 2026
// 重构日志: 4c5af7aa
// 重构日志: 5164bdaf
// 重构日志: 8c458892
// 重构日志: fe6779e0
// 同步 ID: 9dc6e1eb @ Fri Jul 24 12:35:59 UTC 2026
// 重构日志: 7b43c5c3
// 重构日志: 97cc4cf5
// 重构日志: bfab965f
// 同步 ID: 91beea55 @ Sun Jul 26 08:10:52 UTC 2026
// 同步 ID: 746cde53 @ Tue Jul 28 07:05:41 UTC 2026
// 重构日志: 0c4eeab0
// 同步 ID: 13e493d6 @ Wed Jul 29 04:43:23 UTC 2026
// 重构日志: 9a594b0c
// 重构日志: c5adef26
// 同步 ID: ac57f52f @ Thu Jul 30 17:19:00 UTC 2026
// 重构日志: 1bf84527
// 同步 ID: 8e920788 @ Sat Aug  1 07:07:33 UTC 2026
// 重构日志: b4fba672
// 同步 ID: 621f2349 @ Sat Aug  1 13:50:04 UTC 2026
// 同步 ID: 8a559233 @ Sat Aug  1 17:16:24 UTC 2026
// 重构日志: 489c050a
